custom.c:88:9:BSP_GetVersion	0	static
custom.c:103:9:BSP_LED_Init	40	static
custom.c:133:9:BSP_LED_DeInit	8	static
custom.c:156:9:BSP_LED_On	8	static
custom.c:173:9:BSP_LED_Off	8	static
custom.c:190:9:BSP_LED_Toggle	8	static
custom.c:207:9:BSP_LED_GetState	8	static
custom.c:223:9:BSP_PB_Init	40	static
custom.c:278:9:BSP_PB_DeInit	8	static
custom.c:296:9:BSP_PB_GetState	8	static
custom.c:305:6:BSP_PB_IRQHandler	0	static
custom.c:315:13:BSP_PB_Callback	0	static
custom.c:328:13:BUTTON_USER_EXTI_Callback	8	static
custom.c:381:9:BSP_COM_DeInit	8	static
custom.c:418:26:MX_USART1_UART_Init	8	static
custom.c:342:9:BSP_COM_Init	40	static
custom.c:521:9:BSP_COM_SelectLogPort	0	static
custom.c:531:6:__io_putchar	16	static
